// Vitest Snapshot v1, https://vitest.dev/guide/snapshot.html

exports[`@livy/html-oneline-formatter > should include all parts except channel by default 1`] = `"<pre style=\\"margin: 0;padding: 0.3em 0.8em 0.3em;font-family: 'SFMono-Regular', Consolas, 'Liberation Mono', Menlo, Courier, monospace;white-space: nowrap;background-color: transparent;color: inherit\\">2015-08-15 14:30:00  [INFO] Test HtmlOnelineFormatter {\\"foo\\":1} {\\"bar\\":2}</pre>"`;

exports[`@livy/html-oneline-formatter > should join batched formats with the empty string 1`] = `"<pre style=\\"margin: 0;padding: 0.3em 0.8em 0.3em;font-family: 'SFMono-Regular', Consolas, 'Liberation Mono', Menlo, Courier, monospace;white-space: nowrap;background-color: transparent;color: inherit\\">2015-08-15 14:30:00  [INFO] Test HtmlOnelineFormatter {\\"foo\\":1} {\\"bar\\":2}</pre><pre style=\\"margin: 0;padding: 0.3em 0.8em 0.3em;font-family: 'SFMono-Regular', Consolas, 'Liberation Mono', Menlo, Courier, monospace;white-space: nowrap;background-color: transparent;color: inherit\\">2015-08-15 14:30:00  [INFO] Test HtmlOnelineFormatter {\\"foo\\":1} {\\"bar\\":2}</pre>"`;

exports[`@livy/html-oneline-formatter > should omit punctuation wrapper elements if punctuation color is "inherit" 1`] = `"<pre style=\\"margin: 0;padding: 0.3em 0.8em 0.3em;font-family: 'SFMono-Regular', Consolas, 'Liberation Mono', Menlo, Courier, monospace;white-space: nowrap;background-color: transparent;color: black\\">2015-08-15 14:30:00  [<span style=\\"color: dodgerblue\\">INFO</span>] Test HtmlOnelineFormatter <span style=\\"\\">{</span><span style=\\"\\">\\"foo\\"</span><span style=\\"\\">:</span><span style=\\"color: darkslateblue\\">1</span><span style=\\"\\">}</span> <span style=\\"\\">{</span><span style=\\"\\">\\"bar\\"</span><span style=\\"\\">:</span><span style=\\"color: darkslateblue\\">2</span><span style=\\"\\">}</span></pre>"`;

exports[`@livy/html-oneline-formatter > should omit the "extra" part completely if it's empty 1`] = `"<pre style=\\"margin: 0;padding: 0.3em 0.8em 0.3em;font-family: 'SFMono-Regular', Consolas, 'Liberation Mono', Menlo, Courier, monospace;white-space: nowrap;background-color: transparent;color: inherit\\">2015-08-15 14:30:00  [INFO] Test HtmlOnelineFormatter</pre>"`;

exports[`@livy/html-oneline-formatter > should respect the "include" option 1`] = `"<pre style=\\"margin: 0;padding: 0.3em 0.8em 0.3em;font-family: 'SFMono-Regular', Consolas, 'Liberation Mono', Menlo, Courier, monospace;white-space: nowrap;background-color: transparent;color: inherit\\">2015-08-15 14:30:00 logs [INFO] [6] Test HtmlOnelineFormatter</pre>"`;

exports[`@livy/html-oneline-formatter > should respect the "theme" option 1`] = `"<pre style=\\"margin: 0;padding: 0.3em 0.8em 0.3em;font-family: 'SFMono-Regular', Consolas, 'Liberation Mono', Menlo, Courier, monospace;white-space: nowrap;background-color: transparent;color: black\\"><span style=\\"color: gray\\">2015-08-15 14:30:00 </span> <span style=\\"color: gray\\">[</span><span style=\\"color: dodgerblue\\">INFO</span><span style=\\"color: gray\\">]</span><span style=\\"color: gray\\"> [6]</span> Test HtmlOnelineFormatter <span style=\\"color: gray\\"><span style=\\"\\">{</span><span style=\\"\\">\\"foo\\"</span><span style=\\"\\">:</span><span style=\\"color: darkslateblue\\">1</span><span style=\\"\\">}</span></span> <span style=\\"color: gray\\"><span style=\\"\\">{</span><span style=\\"\\">\\"bar\\"</span><span style=\\"\\">:</span><span style=\\"color: darkslateblue\\">2</span><span style=\\"\\">}</span></span></pre>"`;

exports[`@livy/html-oneline-formatter > should respect the "wrap" option 1`] = `"<pre style=\\"margin: 0;padding: 0.3em 0.8em 0.3em;font-family: 'SFMono-Regular', Consolas, 'Liberation Mono', Menlo, Courier, monospace;white-space: pre-wrap;background-color: transparent;color: inherit\\">2015-08-15 14:30:00  [INFO] Test HtmlOnelineFormatter</pre>"`;
